// Jest Snapshot v1, https://goo.gl/fbAQLP

exports[`Should render a span with given title 1`] = `ShallowWrapper {}`;
